

================================================================
== Vitis HLS Report for 'var_var_cmp_32_s'
================================================================
* Date:           Mon Feb  3 14:21:56 2025

* Version:        2024.1 (Build 5069499 on May 21 2024)
* Project:        filter_dut
* Solution:       hls (Vivado IP Flow Target)
* Product family: virtexuplus
* Target device:  xcvu9p-flga2104-2-i


================================================================
== Performance Estimates
================================================================
+ Timing: 
    * Summary: 
    +--------+----------+----------+------------+
    |  Clock |  Target  | Estimated| Uncertainty|
    +--------+----------+----------+------------+
    |ap_clk  |  10.00 ns|  1.620 ns|     2.70 ns|
    +--------+----------+----------+------------+

+ Latency: 
    * Summary: 
    +---------+---------+----------+----------+-----+-----+---------+
    |  Latency (cycles) |  Latency (absolute) |  Interval | Pipeline|
    |   min   |   max   |    min   |    max   | min | max |   Type  |
    +---------+---------+----------+----------+-----+-----+---------+
    |        0|        0|      0 ns|      0 ns|    1|    1|      yes|
    +---------+---------+----------+----------+-----+-----+---------+

    + Detail: 
        * Instance: 
        N/A

        * Loop: 
        N/A



================================================================
== Utilization Estimates
================================================================
* Summary: 
+---------------------+---------+------+---------+---------+-----+
|         Name        | BRAM_18K|  DSP |    FF   |   LUT   | URAM|
+---------------------+---------+------+---------+---------+-----+
|DSP                  |        -|     -|        -|        -|    -|
|Expression           |        -|     -|        0|      320|    -|
|FIFO                 |        -|     -|        -|        -|    -|
|Instance             |        -|     -|        -|        -|    -|
|Memory               |        -|     -|        -|        -|    -|
|Multiplexer          |        -|     -|        0|       65|    -|
|Register             |        -|     -|        -|        -|    -|
+---------------------+---------+------+---------+---------+-----+
|Total                |        0|     0|        0|      385|    0|
+---------------------+---------+------+---------+---------+-----+
|Available SLR        |     1440|  2280|   788160|   394080|  320|
+---------------------+---------+------+---------+---------+-----+
|Utilization SLR (%)  |        0|     0|        0|       ~0|    0|
+---------------------+---------+------+---------+---------+-----+
|Available            |     4320|  6840|  2364480|  1182240|  960|
+---------------------+---------+------+---------+---------+-----+
|Utilization (%)      |        0|     0|        0|       ~0|    0|
+---------------------+---------+------+---------+---------+-----+

+ Detail: 
    * Instance: 
    N/A

    * DSP: 
    N/A

    * Memory: 
    N/A

    * FIFO: 
    N/A

    * Expression: 
    +----------------------+----------+----+---+----+------------+------------+
    |     Variable Name    | Operation| DSP| FF| LUT| Bitwidth P0| Bitwidth P1|
    +----------------------+----------+----+---+----+------------+------------+
    |grp_fu_85_p2          |      icmp|   0|  0|  39|          32|          32|
    |grp_fu_92_p2          |      icmp|   0|  0|  39|          32|          32|
    |icmp_ln195_fu_126_p2  |      icmp|   0|  0|  39|          32|          32|
    |icmp_ln203_fu_99_p2   |      icmp|   0|  0|  39|          32|          32|
    |ret_1_fu_153_p2       |      icmp|   0|  0|  39|          32|          32|
    |ret_2_fu_146_p2       |      icmp|   0|  0|  39|          32|          32|
    |ret_6_fu_119_p2       |      icmp|   0|  0|  39|          32|          32|
    |ret_fu_160_p2         |      icmp|   0|  0|  39|          32|          32|
    |ret_4_fu_139_p2       |       xor|   0|  0|   2|           1|           2|
    |ret_5_fu_132_p2       |       xor|   0|  0|   2|           1|           2|
    |ret_8_fu_112_p2       |       xor|   0|  0|   2|           1|           2|
    |ret_9_fu_105_p2       |       xor|   0|  0|   2|           1|           2|
    +----------------------+----------+----+---+----+------------+------------+
    |Total                 |          |   0|  0| 320|         260|         264|
    +----------------------+----------+----+---+----+------------+------------+

    * Multiplexer: 
    +---------------------------------+----+-----------+-----+-----------+
    |               Name              | LUT| Input Size| Bits| Total Bits|
    +---------------------------------+----+-----------+-----+-----------+
    |ap_phi_mux_ret_10_phi_fu_57_p24  |  65|         13|    1|         13|
    +---------------------------------+----+-----------+-----+-----------+
    |Total                            |  65|         13|    1|         13|
    +---------------------------------+----+-----------+-----+-----------+

    * Register: 
    N/A



================================================================
== Interface
================================================================
* Summary: 
+-----------+-----+-----+------------+-----------------+--------------+
| RTL Ports | Dir | Bits|  Protocol  |  Source Object  |    C Type    |
+-----------+-----+-----+------------+-----------------+--------------+
|ap_ready   |  out|    1|  ap_ctrl_hs|  var_var_cmp<32>|  return value|
|ap_return  |  out|    1|  ap_ctrl_hs|  var_var_cmp<32>|  return value|
|ap_rst     |   in|    1|  ap_ctrl_hs|  var_var_cmp<32>|  return value|
|cfg        |   in|    4|     ap_none|              cfg|        scalar|
|xu         |   in|   32|     ap_none|               xu|        scalar|
|yu         |   in|   32|     ap_none|               yu|        scalar|
+-----------+-----+-----+------------+-----------------+--------------+

