

================================================================
== Synthesis Summary Report of 'filter_dut'
================================================================
+ General Information: 
    * Date:           Mon Feb  3 14:21:57 2025
    * Version:        2024.1 (Build 5069499 on May 21 2024)
    * Project:        filter_dut
    * Solution:       hls (Vivado IP Flow Target)
    * Product family: virtexuplus
    * Target device:  xcvu9p-flga2104-2-i
    

+ Performance & Resource Estimates: 
    
    PS: '+' for module; 'o' for loop; '*' for dataflow
    +---------------------------------------------------------------+------+------+---------+-----------+----------+---------+------+----------+------+----+------------+------------+-----+
    |                            Modules                            | Issue|      | Latency |  Latency  | Iteration|         | Trip |          |      |    |            |            |     |
    |                            & Loops                            | Type | Slack| (cycles)|    (ns)   |  Latency | Interval| Count| Pipelined| BRAM | DSP|     FF     |     LUT    | URAM|
    +---------------------------------------------------------------+------+------+---------+-----------+----------+---------+------+----------+------+----+------------+------------+-----+
    |+ filter_dut                                                   |     -|  2.81|        -|          -|         -|        -|     -|        no|     -|   -|  1851 (~0%)|  7954 (~0%)|    -|
    | + dynamicFilter_32_32_s*                                      |     -|  2.81|        -|          -|         -|        -|     -|  dataflow|     -|   -|  1846 (~0%)|  7857 (~0%)|    -|
    |  + broadcast                                                  |     -|  5.49|        -|          -|         -|        -|     -|        no|     -|   -|    13 (~0%)|   200 (~0%)|    -|
    |   + broadcast_Pipeline_VITIS_LOOP_88_1                        |     -|  5.49|        -|          -|         -|        -|     -|        no|     -|   -|     5 (~0%)|    80 (~0%)|    -|
    |    o VITIS_LOOP_88_1                                          |     -|  7.30|        -|          -|         2|        1|     -|       yes|     -|   -|           -|           -|    -|
    |  + parse_filter_config_4_32_s                                 |     -|  4.08|       63|    630.000|         -|       63|     -|        no|     -|   -|   145 (~0%)|   638 (~0%)|    -|
    |   + parse_filter_config_4_32_Pipeline_VITIS_LOOP_419_1        |     -|  4.47|       14|    140.000|         -|       14|     -|        no|     -|   -|    76 (~0%)|   153 (~0%)|    -|
    |    o VITIS_LOOP_419_1                                         |    II|  7.30|       12|    120.000|         4|        3|     4|       yes|     -|   -|           -|           -|    -|
    |   + parse_filter_config_4_32_Pipeline_VITIS_LOOP_445_4        |     -|  4.08|        8|     80.000|         -|        8|     -|        no|     -|   -|    47 (~0%)|   210 (~0%)|    -|
    |    o VITIS_LOOP_445_4                                         |     -|  7.30|        6|     60.000|         2|        1|     6|       yes|     -|   -|           -|           -|    -|
    |   + parse_filter_config_4_32_Pipeline_VITIS_LOOP_467_5        |     -|  4.47|       34|    340.000|         -|       34|     -|        no|     -|   -|     9 (~0%)|    87 (~0%)|    -|
    |    o VITIS_LOOP_467_5                                         |     -|  7.30|       32|    320.000|         2|        1|    32|       yes|     -|   -|           -|           -|    -|
    |  + compare_ops_32_s                                           |     -|  2.81|        -|          -|         -|        -|     -|        no|     -|   -|   324 (~0%)|  5523 (~0%)|    -|
    |   + compare_ops_32_Pipeline_FILTER_MAIN_LOOP                  |     -|  2.81|        -|          -|         -|        -|     -|        no|     -|   -|     5 (~0%)|  5306 (~0%)|    -|
    |    o FILTER_MAIN_LOOP                                         |     -|  7.30|        -|          -|         2|        1|     -|       yes|     -|   -|           -|           -|    -|
    |     + var_const_cmp_32_s                                      |     -|  5.62|        0|      0.000|         -|        1|     -|       yes|     -|   -|           -|   720 (~0%)|    -|
    |     + var_const_cmp_32_s                                      |     -|  5.62|        0|      0.000|         -|        1|     -|       yes|     -|   -|           -|   720 (~0%)|    -|
    |     + var_const_cmp_32_s                                      |     -|  5.62|        0|      0.000|         -|        1|     -|       yes|     -|   -|           -|   720 (~0%)|    -|
    |     + var_const_cmp_32_s                                      |     -|  5.62|        0|      0.000|         -|        1|     -|       yes|     -|   -|           -|   720 (~0%)|    -|
    |     + var_var_cmp_32_s                                        |     -|  5.68|        0|      0.000|         -|        1|     -|       yes|     -|   -|           -|   385 (~0%)|    -|
    |     + var_var_cmp_32_s                                        |     -|  5.68|        0|      0.000|         -|        1|     -|       yes|     -|   -|           -|   385 (~0%)|    -|
    |     + var_var_cmp_32_s                                        |     -|  5.68|        0|      0.000|         -|        1|     -|       yes|     -|   -|           -|   385 (~0%)|    -|
    |     + var_var_cmp_32_s                                        |     -|  5.68|        0|      0.000|         -|        1|     -|       yes|     -|   -|           -|   385 (~0%)|    -|
    |     + var_var_cmp_32_s                                        |     -|  5.68|        0|      0.000|         -|        1|     -|       yes|     -|   -|           -|   385 (~0%)|    -|
    |     + var_var_cmp_32_s                                        |     -|  5.68|        0|      0.000|         -|        1|     -|       yes|     -|   -|           -|   385 (~0%)|    -|
    |  + true_table_4_s                                             |     -|  4.65|        -|          -|         -|        -|     -|        no|     -|   -|    95 (~0%)|   481 (~0%)|    -|
    |   + true_table_4_Pipeline_VITIS_LOOP_318_1_TRUE_TABLE_INIT32  |     -|  4.65|     1027|  1.027e+04|         -|     1027|     -|        no|     -|   -|    75 (~0%)|   197 (~0%)|    -|
    |    o VITIS_LOOP_318_1_TRUE_TABLE_INIT32                       |     -|  7.30|     1025|  1.025e+04|         3|        1|  1024|       yes|     -|   -|           -|           -|    -|
    |   + true_table_4_Pipeline_TRUE_TABLE_READ                     |     -|  4.99|        -|          -|         -|        -|     -|        no|     -|   -|     8 (~0%)|    91 (~0%)|    -|
    |    o TRUE_TABLE_READ                                          |     -|  7.30|        -|          -|         3|        1|     -|       yes|     -|   -|           -|           -|    -|
    |  + pred_pass_32_s                                             |     -|  5.41|        -|          -|         -|        -|     -|        no|     -|   -|    49 (~0%)|   229 (~0%)|    -|
    |   + pred_pass_32_Pipeline_FILTER_PRED_PASS                    |     -|  5.41|        -|          -|         -|        -|     -|        no|     -|   -|    41 (~0%)|   102 (~0%)|    -|
    |    o FILTER_PRED_PASS                                         |     -|  7.30|        -|          -|         3|        1|     -|       yes|     -|   -|           -|           -|    -|
    +---------------------------------------------------------------+------+------+---------+-----------+----------+---------+------+----------+------+----+------------+------------+-----+


================================================================
== HW Interfaces
================================================================
* AP_FIFO
+-----------------+-----------+------------+
| Interface       | Direction | Data Width |
+-----------------+-----------+------------+
| e_f_strm        | out       | 1          |
| e_strm          | in        | 1          |
| f_strm          | out       | 32         |
| filter_cfg_strm | in        | 32         |
| k_strms_0       | in        | 32         |
| k_strms_1       | in        | 32         |
| k_strms_2       | in        | 32         |
| k_strms_3       | in        | 32         |
| p_strm          | in        | 32         |
+-----------------+-----------+------------+

* TOP LEVEL CONTROL
+-----------+------------+-----------------------------------+
| Interface | Type       | Ports                             |
+-----------+------------+-----------------------------------+
| ap_clk    | clock      | ap_clk                            |
| ap_rst    | reset      | ap_rst                            |
| ap_ctrl   | ap_ctrl_hs | ap_done ap_idle ap_ready ap_start |
+-----------+------------+-----------------------------------+


================================================================
== SW I/O Information
================================================================
* Top Function Arguments
+-----------------+-----------+-------------------------+
| Argument        | Direction | Datatype                |
+-----------------+-----------+-------------------------+
| filter_cfg_strm | in        | stream<ap_uint<32>, 0>& |
| k_strms         | in        | stream<ap_uint<32>, 0>* |
| p_strm          | in        | stream<ap_uint<32>, 0>& |
| e_strm          | in        | stream<bool, 0>&        |
| f_strm          | out       | stream<ap_uint<32>, 0>& |
| e_f_strm        | out       | stream<bool, 0>&        |
+-----------------+-----------+-------------------------+

* SW-to-HW Mapping
+-----------------+-----------------+-----------+
| Argument        | HW Interface    | HW Type   |
+-----------------+-----------------+-----------+
| filter_cfg_strm | filter_cfg_strm | interface |
| k_strms         | k_strms_0       | interface |
| k_strms         | k_strms_1       | interface |
| k_strms         | k_strms_2       | interface |
| k_strms         | k_strms_3       | interface |
| p_strm          | p_strm          | interface |
| e_strm          | e_strm          | interface |
| f_strm          | f_strm          | interface |
| e_f_strm        | e_f_strm        | interface |
+-----------------+-----------------+-----------+


================================================================
== M_AXI Burst Information
================================================================
 Note: All burst requests might be further partitioned into multiple requests during RTL generation based on max_read_burst_length or max_write_burst_length settings.


================================================================
== Bind Op Report
================================================================
+---------------------------------------------------------------+-----+--------+----------------+-----------+----------+---------+
| Name                                                          | DSP | Pragma | Variable       | Op        | Impl     | Latency |
+---------------------------------------------------------------+-----+--------+----------------+-----------+----------+---------+
| + filter_dut                                                  | 0   |        |                |           |          |         |
|  + dynamicFilter_32_32_s                                      | 0   |        |                |           |          |         |
|   + parse_filter_config_4_32_s                                | 0   |        |                |           |          |         |
|    + parse_filter_config_4_32_Pipeline_VITIS_LOOP_419_1       | 0   |        |                |           |          |         |
|      icmp_ln419_fu_102_p2                                     |     |        | icmp_ln419     | seteq     | auto     | 0       |
|      add_ln419_fu_108_p2                                      |     |        | add_ln419      | add       | fabric   | 0       |
|    + parse_filter_config_4_32_Pipeline_VITIS_LOOP_445_4       | 0   |        |                |           |          |         |
|      icmp_ln445_fu_155_p2                                     |     |        | icmp_ln445     | seteq     | auto     | 0       |
|      add_ln445_fu_161_p2                                      |     |        | add_ln445      | add       | fabric   | 0       |
|      icmp_ln446_fu_180_p2                                     |     |        | icmp_ln446     | setlt     | auto     | 0       |
|      nb_1_fu_194_p2                                           |     |        | nb_1           | add       | fabric   | 0       |
|    + parse_filter_config_4_32_Pipeline_VITIS_LOOP_467_5       | 0   |        |                |           |          |         |
|      icmp_ln467_fu_62_p2                                      |     |        | icmp_ln467     | seteq     | auto     | 0       |
|      i_2_fu_68_p2                                             |     |        | i_2            | add       | fabric   | 0       |
|   + compare_ops_32_s                                          | 0   |        |                |           |          |         |
|    + compare_ops_32_Pipeline_FILTER_MAIN_LOOP                 | 0   |        |                |           |          |         |
|     + var_const_cmp_32_s (bv0c_var_const_cmp_32_s_fu_294)     | 0   |        |                |           |          |         |
|       bl_6_fu_200_p4                                          |     |        | bl             | seteq     | auto     | 0       |
|       bl_6_fu_200_p6                                          |     |        | bl_1           | setne     | auto     | 0       |
|       bl_6_fu_200_p8                                          |     |        | bl_2           | setgt     | auto     | 0       |
|       icmp_ln135_fu_110_p2                                    |     |        | icmp_ln135     | setlt     | auto     | 0       |
|       bl_6_fu_200_p10                                         |     |        | bl_3           | xor       | auto     | 0       |
|       bl_6_fu_200_p12                                         |     |        | bl_4           | setgt     | auto     | 0       |
|       icmp_ln139_fu_128_p2                                    |     |        | icmp_ln139     | setlt     | auto     | 0       |
|       bl_6_fu_200_p14                                         |     |        | bl_5           | xor       | auto     | 0       |
|       icmp_ln126_fu_140_p2                                    |     |        | icmp_ln126     | seteq     | auto     | 0       |
|       icmp_ln126_1_fu_146_p2                                  |     |        | icmp_ln126_1   | seteq     | auto     | 0       |
|       icmp_ln126_2_fu_152_p2                                  |     |        | icmp_ln126_2   | seteq     | auto     | 0       |
|       icmp_ln126_3_fu_158_p2                                  |     |        | icmp_ln126_3   | seteq     | auto     | 0       |
|       icmp_ln126_4_fu_164_p2                                  |     |        | icmp_ln126_4   | seteq     | auto     | 0       |
|       icmp_ln126_5_fu_170_p2                                  |     |        | icmp_ln126_5   | seteq     | auto     | 0       |
|       icmp_ln126_6_fu_176_p2                                  |     |        | icmp_ln126_6   | seteq     | auto     | 0       |
|       sparsemux_17_7_1_1_1_U34                                |     |        | bl_6           | sparsemux | auto     | 0       |
|       br_6_fu_348_p4                                          |     |        | br             | seteq     | auto     | 0       |
|       br_6_fu_348_p6                                          |     |        | br_1           | setne     | auto     | 0       |
|       br_6_fu_348_p8                                          |     |        | br_2           | setlt     | auto     | 0       |
|       icmp_ln153_fu_258_p2                                    |     |        | icmp_ln153     | setlt     | auto     | 0       |
|       br_6_fu_348_p10                                         |     |        | br_3           | xor       | auto     | 0       |
|       br_6_fu_348_p12                                         |     |        | br_4           | setlt     | auto     | 0       |
|       icmp_ln157_fu_276_p2                                    |     |        | icmp_ln157     | setlt     | auto     | 0       |
|       br_6_fu_348_p14                                         |     |        | br_5           | xor       | auto     | 0       |
|       icmp_ln144_fu_288_p2                                    |     |        | icmp_ln144     | seteq     | auto     | 0       |
|       icmp_ln144_1_fu_294_p2                                  |     |        | icmp_ln144_1   | seteq     | auto     | 0       |
|       icmp_ln144_2_fu_300_p2                                  |     |        | icmp_ln144_2   | seteq     | auto     | 0       |
|       icmp_ln144_3_fu_306_p2                                  |     |        | icmp_ln144_3   | seteq     | auto     | 0       |
|       icmp_ln144_4_fu_312_p2                                  |     |        | icmp_ln144_4   | seteq     | auto     | 0       |
|       icmp_ln144_5_fu_318_p2                                  |     |        | icmp_ln144_5   | seteq     | auto     | 0       |
|       icmp_ln144_6_fu_324_p2                                  |     |        | icmp_ln144_6   | seteq     | auto     | 0       |
|       sparsemux_17_7_1_1_1_U35                                |     |        | br_6           | sparsemux | auto     | 0       |
|       ap_return                                               |     |        | ret            | and       | auto     | 0       |
|     + var_const_cmp_32_s (bv1c_var_const_cmp_32_s_fu_304)     | 0   |        |                |           |          |         |
|       bl_6_fu_200_p4                                          |     |        | bl             | seteq     | auto     | 0       |
|       bl_6_fu_200_p6                                          |     |        | bl_1           | setne     | auto     | 0       |
|       bl_6_fu_200_p8                                          |     |        | bl_2           | setgt     | auto     | 0       |
|       icmp_ln135_fu_110_p2                                    |     |        | icmp_ln135     | setlt     | auto     | 0       |
|       bl_6_fu_200_p10                                         |     |        | bl_3           | xor       | auto     | 0       |
|       bl_6_fu_200_p12                                         |     |        | bl_4           | setgt     | auto     | 0       |
|       icmp_ln139_fu_128_p2                                    |     |        | icmp_ln139     | setlt     | auto     | 0       |
|       bl_6_fu_200_p14                                         |     |        | bl_5           | xor       | auto     | 0       |
|       icmp_ln126_fu_140_p2                                    |     |        | icmp_ln126     | seteq     | auto     | 0       |
|       icmp_ln126_1_fu_146_p2                                  |     |        | icmp_ln126_1   | seteq     | auto     | 0       |
|       icmp_ln126_2_fu_152_p2                                  |     |        | icmp_ln126_2   | seteq     | auto     | 0       |
|       icmp_ln126_3_fu_158_p2                                  |     |        | icmp_ln126_3   | seteq     | auto     | 0       |
|       icmp_ln126_4_fu_164_p2                                  |     |        | icmp_ln126_4   | seteq     | auto     | 0       |
|       icmp_ln126_5_fu_170_p2                                  |     |        | icmp_ln126_5   | seteq     | auto     | 0       |
|       icmp_ln126_6_fu_176_p2                                  |     |        | icmp_ln126_6   | seteq     | auto     | 0       |
|       sparsemux_17_7_1_1_1_U34                                |     |        | bl_6           | sparsemux | auto     | 0       |
|       br_6_fu_348_p4                                          |     |        | br             | seteq     | auto     | 0       |
|       br_6_fu_348_p6                                          |     |        | br_1           | setne     | auto     | 0       |
|       br_6_fu_348_p8                                          |     |        | br_2           | setlt     | auto     | 0       |
|       icmp_ln153_fu_258_p2                                    |     |        | icmp_ln153     | setlt     | auto     | 0       |
|       br_6_fu_348_p10                                         |     |        | br_3           | xor       | auto     | 0       |
|       br_6_fu_348_p12                                         |     |        | br_4           | setlt     | auto     | 0       |
|       icmp_ln157_fu_276_p2                                    |     |        | icmp_ln157     | setlt     | auto     | 0       |
|       br_6_fu_348_p14                                         |     |        | br_5           | xor       | auto     | 0       |
|       icmp_ln144_fu_288_p2                                    |     |        | icmp_ln144     | seteq     | auto     | 0       |
|       icmp_ln144_1_fu_294_p2                                  |     |        | icmp_ln144_1   | seteq     | auto     | 0       |
|       icmp_ln144_2_fu_300_p2                                  |     |        | icmp_ln144_2   | seteq     | auto     | 0       |
|       icmp_ln144_3_fu_306_p2                                  |     |        | icmp_ln144_3   | seteq     | auto     | 0       |
|       icmp_ln144_4_fu_312_p2                                  |     |        | icmp_ln144_4   | seteq     | auto     | 0       |
|       icmp_ln144_5_fu_318_p2                                  |     |        | icmp_ln144_5   | seteq     | auto     | 0       |
|       icmp_ln144_6_fu_324_p2                                  |     |        | icmp_ln144_6   | seteq     | auto     | 0       |
|       sparsemux_17_7_1_1_1_U35                                |     |        | br_6           | sparsemux | auto     | 0       |
|       ap_return                                               |     |        | ret            | and       | auto     | 0       |
|     + var_const_cmp_32_s (bv2c_var_const_cmp_32_s_fu_314)     | 0   |        |                |           |          |         |
|       bl_6_fu_200_p4                                          |     |        | bl             | seteq     | auto     | 0       |
|       bl_6_fu_200_p6                                          |     |        | bl_1           | setne     | auto     | 0       |
|       bl_6_fu_200_p8                                          |     |        | bl_2           | setgt     | auto     | 0       |
|       icmp_ln135_fu_110_p2                                    |     |        | icmp_ln135     | setlt     | auto     | 0       |
|       bl_6_fu_200_p10                                         |     |        | bl_3           | xor       | auto     | 0       |
|       bl_6_fu_200_p12                                         |     |        | bl_4           | setgt     | auto     | 0       |
|       icmp_ln139_fu_128_p2                                    |     |        | icmp_ln139     | setlt     | auto     | 0       |
|       bl_6_fu_200_p14                                         |     |        | bl_5           | xor       | auto     | 0       |
|       icmp_ln126_fu_140_p2                                    |     |        | icmp_ln126     | seteq     | auto     | 0       |
|       icmp_ln126_1_fu_146_p2                                  |     |        | icmp_ln126_1   | seteq     | auto     | 0       |
|       icmp_ln126_2_fu_152_p2                                  |     |        | icmp_ln126_2   | seteq     | auto     | 0       |
|       icmp_ln126_3_fu_158_p2                                  |     |        | icmp_ln126_3   | seteq     | auto     | 0       |
|       icmp_ln126_4_fu_164_p2                                  |     |        | icmp_ln126_4   | seteq     | auto     | 0       |
|       icmp_ln126_5_fu_170_p2                                  |     |        | icmp_ln126_5   | seteq     | auto     | 0       |
|       icmp_ln126_6_fu_176_p2                                  |     |        | icmp_ln126_6   | seteq     | auto     | 0       |
|       sparsemux_17_7_1_1_1_U34                                |     |        | bl_6           | sparsemux | auto     | 0       |
|       br_6_fu_348_p4                                          |     |        | br             | seteq     | auto     | 0       |
|       br_6_fu_348_p6                                          |     |        | br_1           | setne     | auto     | 0       |
|       br_6_fu_348_p8                                          |     |        | br_2           | setlt     | auto     | 0       |
|       icmp_ln153_fu_258_p2                                    |     |        | icmp_ln153     | setlt     | auto     | 0       |
|       br_6_fu_348_p10                                         |     |        | br_3           | xor       | auto     | 0       |
|       br_6_fu_348_p12                                         |     |        | br_4           | setlt     | auto     | 0       |
|       icmp_ln157_fu_276_p2                                    |     |        | icmp_ln157     | setlt     | auto     | 0       |
|       br_6_fu_348_p14                                         |     |        | br_5           | xor       | auto     | 0       |
|       icmp_ln144_fu_288_p2                                    |     |        | icmp_ln144     | seteq     | auto     | 0       |
|       icmp_ln144_1_fu_294_p2                                  |     |        | icmp_ln144_1   | seteq     | auto     | 0       |
|       icmp_ln144_2_fu_300_p2                                  |     |        | icmp_ln144_2   | seteq     | auto     | 0       |
|       icmp_ln144_3_fu_306_p2                                  |     |        | icmp_ln144_3   | seteq     | auto     | 0       |
|       icmp_ln144_4_fu_312_p2                                  |     |        | icmp_ln144_4   | seteq     | auto     | 0       |
|       icmp_ln144_5_fu_318_p2                                  |     |        | icmp_ln144_5   | seteq     | auto     | 0       |
|       icmp_ln144_6_fu_324_p2                                  |     |        | icmp_ln144_6   | seteq     | auto     | 0       |
|       sparsemux_17_7_1_1_1_U35                                |     |        | br_6           | sparsemux | auto     | 0       |
|       ap_return                                               |     |        | ret            | and       | auto     | 0       |
|     + var_const_cmp_32_s (bv3c_var_const_cmp_32_s_fu_324)     | 0   |        |                |           |          |         |
|       bl_6_fu_200_p4                                          |     |        | bl             | seteq     | auto     | 0       |
|       bl_6_fu_200_p6                                          |     |        | bl_1           | setne     | auto     | 0       |
|       bl_6_fu_200_p8                                          |     |        | bl_2           | setgt     | auto     | 0       |
|       icmp_ln135_fu_110_p2                                    |     |        | icmp_ln135     | setlt     | auto     | 0       |
|       bl_6_fu_200_p10                                         |     |        | bl_3           | xor       | auto     | 0       |
|       bl_6_fu_200_p12                                         |     |        | bl_4           | setgt     | auto     | 0       |
|       icmp_ln139_fu_128_p2                                    |     |        | icmp_ln139     | setlt     | auto     | 0       |
|       bl_6_fu_200_p14                                         |     |        | bl_5           | xor       | auto     | 0       |
|       icmp_ln126_fu_140_p2                                    |     |        | icmp_ln126     | seteq     | auto     | 0       |
|       icmp_ln126_1_fu_146_p2                                  |     |        | icmp_ln126_1   | seteq     | auto     | 0       |
|       icmp_ln126_2_fu_152_p2                                  |     |        | icmp_ln126_2   | seteq     | auto     | 0       |
|       icmp_ln126_3_fu_158_p2                                  |     |        | icmp_ln126_3   | seteq     | auto     | 0       |
|       icmp_ln126_4_fu_164_p2                                  |     |        | icmp_ln126_4   | seteq     | auto     | 0       |
|       icmp_ln126_5_fu_170_p2                                  |     |        | icmp_ln126_5   | seteq     | auto     | 0       |
|       icmp_ln126_6_fu_176_p2                                  |     |        | icmp_ln126_6   | seteq     | auto     | 0       |
|       sparsemux_17_7_1_1_1_U34                                |     |        | bl_6           | sparsemux | auto     | 0       |
|       br_6_fu_348_p4                                          |     |        | br             | seteq     | auto     | 0       |
|       br_6_fu_348_p6                                          |     |        | br_1           | setne     | auto     | 0       |
|       br_6_fu_348_p8                                          |     |        | br_2           | setlt     | auto     | 0       |
|       icmp_ln153_fu_258_p2                                    |     |        | icmp_ln153     | setlt     | auto     | 0       |
|       br_6_fu_348_p10                                         |     |        | br_3           | xor       | auto     | 0       |
|       br_6_fu_348_p12                                         |     |        | br_4           | setlt     | auto     | 0       |
|       icmp_ln157_fu_276_p2                                    |     |        | icmp_ln157     | setlt     | auto     | 0       |
|       br_6_fu_348_p14                                         |     |        | br_5           | xor       | auto     | 0       |
|       icmp_ln144_fu_288_p2                                    |     |        | icmp_ln144     | seteq     | auto     | 0       |
|       icmp_ln144_1_fu_294_p2                                  |     |        | icmp_ln144_1   | seteq     | auto     | 0       |
|       icmp_ln144_2_fu_300_p2                                  |     |        | icmp_ln144_2   | seteq     | auto     | 0       |
|       icmp_ln144_3_fu_306_p2                                  |     |        | icmp_ln144_3   | seteq     | auto     | 0       |
|       icmp_ln144_4_fu_312_p2                                  |     |        | icmp_ln144_4   | seteq     | auto     | 0       |
|       icmp_ln144_5_fu_318_p2                                  |     |        | icmp_ln144_5   | seteq     | auto     | 0       |
|       icmp_ln144_6_fu_324_p2                                  |     |        | icmp_ln144_6   | seteq     | auto     | 0       |
|       sparsemux_17_7_1_1_1_U35                                |     |        | br_6           | sparsemux | auto     | 0       |
|       ap_return                                               |     |        | ret            | and       | auto     | 0       |
|     + var_var_cmp_32_s (bv0v1_var_var_cmp_32_s_fu_334)        | 0   |        |                |           |          |         |
|       icmp_ln203_fu_99_p2                                     |     |        | icmp_ln203     | setlt     | auto     | 0       |
|       ret_9_fu_105_p2                                         |     |        | ret_9          | xor       | auto     | 0       |
|       grp_fu_85_p2                                            |     |        | icmp_ln201     | setlt     | auto     | 0       |
|       ret_8_fu_112_p2                                         |     |        | ret_8          | xor       | auto     | 0       |
|       grp_fu_85_p2                                            |     |        | ret_7          | setlt     | auto     | 0       |
|       ret_6_fu_119_p2                                         |     |        | ret_6          | setgt     | auto     | 0       |
|       icmp_ln195_fu_126_p2                                    |     |        | icmp_ln195     | setlt     | auto     | 0       |
|       ret_5_fu_132_p2                                         |     |        | ret_5          | xor       | auto     | 0       |
|       grp_fu_92_p2                                            |     |        | icmp_ln193     | setlt     | auto     | 0       |
|       ret_4_fu_139_p2                                         |     |        | ret_4          | xor       | auto     | 0       |
|       grp_fu_92_p2                                            |     |        | ret_3          | setlt     | auto     | 0       |
|       ret_2_fu_146_p2                                         |     |        | ret_2          | setgt     | auto     | 0       |
|       ret_1_fu_153_p2                                         |     |        | ret_1          | setne     | auto     | 0       |
|       ret_fu_160_p2                                           |     |        | ret            | seteq     | auto     | 0       |
|     + var_var_cmp_32_s (bv0v2_var_var_cmp_32_s_fu_343)        | 0   |        |                |           |          |         |
|       icmp_ln203_fu_99_p2                                     |     |        | icmp_ln203     | setlt     | auto     | 0       |
|       ret_9_fu_105_p2                                         |     |        | ret_9          | xor       | auto     | 0       |
|       grp_fu_85_p2                                            |     |        | icmp_ln201     | setlt     | auto     | 0       |
|       ret_8_fu_112_p2                                         |     |        | ret_8          | xor       | auto     | 0       |
|       grp_fu_85_p2                                            |     |        | ret_7          | setlt     | auto     | 0       |
|       ret_6_fu_119_p2                                         |     |        | ret_6          | setgt     | auto     | 0       |
|       icmp_ln195_fu_126_p2                                    |     |        | icmp_ln195     | setlt     | auto     | 0       |
|       ret_5_fu_132_p2                                         |     |        | ret_5          | xor       | auto     | 0       |
|       grp_fu_92_p2                                            |     |        | icmp_ln193     | setlt     | auto     | 0       |
|       ret_4_fu_139_p2                                         |     |        | ret_4          | xor       | auto     | 0       |
|       grp_fu_92_p2                                            |     |        | ret_3          | setlt     | auto     | 0       |
|       ret_2_fu_146_p2                                         |     |        | ret_2          | setgt     | auto     | 0       |
|       ret_1_fu_153_p2                                         |     |        | ret_1          | setne     | auto     | 0       |
|       ret_fu_160_p2                                           |     |        | ret            | seteq     | auto     | 0       |
|     + var_var_cmp_32_s (bv0v3_var_var_cmp_32_s_fu_352)        | 0   |        |                |           |          |         |
|       icmp_ln203_fu_99_p2                                     |     |        | icmp_ln203     | setlt     | auto     | 0       |
|       ret_9_fu_105_p2                                         |     |        | ret_9          | xor       | auto     | 0       |
|       grp_fu_85_p2                                            |     |        | icmp_ln201     | setlt     | auto     | 0       |
|       ret_8_fu_112_p2                                         |     |        | ret_8          | xor       | auto     | 0       |
|       grp_fu_85_p2                                            |     |        | ret_7          | setlt     | auto     | 0       |
|       ret_6_fu_119_p2                                         |     |        | ret_6          | setgt     | auto     | 0       |
|       icmp_ln195_fu_126_p2                                    |     |        | icmp_ln195     | setlt     | auto     | 0       |
|       ret_5_fu_132_p2                                         |     |        | ret_5          | xor       | auto     | 0       |
|       grp_fu_92_p2                                            |     |        | icmp_ln193     | setlt     | auto     | 0       |
|       ret_4_fu_139_p2                                         |     |        | ret_4          | xor       | auto     | 0       |
|       grp_fu_92_p2                                            |     |        | ret_3          | setlt     | auto     | 0       |
|       ret_2_fu_146_p2                                         |     |        | ret_2          | setgt     | auto     | 0       |
|       ret_1_fu_153_p2                                         |     |        | ret_1          | setne     | auto     | 0       |
|       ret_fu_160_p2                                           |     |        | ret            | seteq     | auto     | 0       |
|     + var_var_cmp_32_s (bv1v2_var_var_cmp_32_s_fu_361)        | 0   |        |                |           |          |         |
|       icmp_ln203_fu_99_p2                                     |     |        | icmp_ln203     | setlt     | auto     | 0       |
|       ret_9_fu_105_p2                                         |     |        | ret_9          | xor       | auto     | 0       |
|       grp_fu_85_p2                                            |     |        | icmp_ln201     | setlt     | auto     | 0       |
|       ret_8_fu_112_p2                                         |     |        | ret_8          | xor       | auto     | 0       |
|       grp_fu_85_p2                                            |     |        | ret_7          | setlt     | auto     | 0       |
|       ret_6_fu_119_p2                                         |     |        | ret_6          | setgt     | auto     | 0       |
|       icmp_ln195_fu_126_p2                                    |     |        | icmp_ln195     | setlt     | auto     | 0       |
|       ret_5_fu_132_p2                                         |     |        | ret_5          | xor       | auto     | 0       |
|       grp_fu_92_p2                                            |     |        | icmp_ln193     | setlt     | auto     | 0       |
|       ret_4_fu_139_p2                                         |     |        | ret_4          | xor       | auto     | 0       |
|       grp_fu_92_p2                                            |     |        | ret_3          | setlt     | auto     | 0       |
|       ret_2_fu_146_p2                                         |     |        | ret_2          | setgt     | auto     | 0       |
|       ret_1_fu_153_p2                                         |     |        | ret_1          | setne     | auto     | 0       |
|       ret_fu_160_p2                                           |     |        | ret            | seteq     | auto     | 0       |
|     + var_var_cmp_32_s (bv1v3_var_var_cmp_32_s_fu_370)        | 0   |        |                |           |          |         |
|       icmp_ln203_fu_99_p2                                     |     |        | icmp_ln203     | setlt     | auto     | 0       |
|       ret_9_fu_105_p2                                         |     |        | ret_9          | xor       | auto     | 0       |
|       grp_fu_85_p2                                            |     |        | icmp_ln201     | setlt     | auto     | 0       |
|       ret_8_fu_112_p2                                         |     |        | ret_8          | xor       | auto     | 0       |
|       grp_fu_85_p2                                            |     |        | ret_7          | setlt     | auto     | 0       |
|       ret_6_fu_119_p2                                         |     |        | ret_6          | setgt     | auto     | 0       |
|       icmp_ln195_fu_126_p2                                    |     |        | icmp_ln195     | setlt     | auto     | 0       |
|       ret_5_fu_132_p2                                         |     |        | ret_5          | xor       | auto     | 0       |
|       grp_fu_92_p2                                            |     |        | icmp_ln193     | setlt     | auto     | 0       |
|       ret_4_fu_139_p2                                         |     |        | ret_4          | xor       | auto     | 0       |
|       grp_fu_92_p2                                            |     |        | ret_3          | setlt     | auto     | 0       |
|       ret_2_fu_146_p2                                         |     |        | ret_2          | setgt     | auto     | 0       |
|       ret_1_fu_153_p2                                         |     |        | ret_1          | setne     | auto     | 0       |
|       ret_fu_160_p2                                           |     |        | ret            | seteq     | auto     | 0       |
|     + var_var_cmp_32_s (bv2v3_var_var_cmp_32_s_fu_379)        | 0   |        |                |           |          |         |
|       icmp_ln203_fu_99_p2                                     |     |        | icmp_ln203     | setlt     | auto     | 0       |
|       ret_9_fu_105_p2                                         |     |        | ret_9          | xor       | auto     | 0       |
|       grp_fu_85_p2                                            |     |        | icmp_ln201     | setlt     | auto     | 0       |
|       ret_8_fu_112_p2                                         |     |        | ret_8          | xor       | auto     | 0       |
|       grp_fu_85_p2                                            |     |        | ret_7          | setlt     | auto     | 0       |
|       ret_6_fu_119_p2                                         |     |        | ret_6          | setgt     | auto     | 0       |
|       icmp_ln195_fu_126_p2                                    |     |        | icmp_ln195     | setlt     | auto     | 0       |
|       ret_5_fu_132_p2                                         |     |        | ret_5          | xor       | auto     | 0       |
|       grp_fu_92_p2                                            |     |        | icmp_ln193     | setlt     | auto     | 0       |
|       ret_4_fu_139_p2                                         |     |        | ret_4          | xor       | auto     | 0       |
|       grp_fu_92_p2                                            |     |        | ret_3          | setlt     | auto     | 0       |
|       ret_2_fu_146_p2                                         |     |        | ret_2          | setgt     | auto     | 0       |
|       ret_1_fu_153_p2                                         |     |        | ret_1          | setne     | auto     | 0       |
|       ret_fu_160_p2                                           |     |        | ret            | seteq     | auto     | 0       |
|   + true_table_4_s                                            | 0   |        |                |           |          |         |
|    + true_table_4_Pipeline_VITIS_LOOP_318_1_TRUE_TABLE_INIT32 | 0   |        |                |           |          |         |
|      icmp_ln318_fu_101_p2                                     |     |        | icmp_ln318     | seteq     | auto     | 0       |
|      add_ln318_fu_107_p2                                      |     |        | add_ln318      | add       | fabric   | 0       |
|      icmp_ln321_fu_116_p2                                     |     |        | icmp_ln321     | seteq     | auto     | 0       |
|      select_ln318_fu_122_p3                                   |     |        | select_ln318   | select    | auto_sel | 0       |
|      add_ln318_1_fu_160_p2                                    |     |        | add_ln318_1    | add       | fabric   | 0       |
|      select_ln318_1_fu_166_p3                                 |     |        | select_ln318_1 | select    | auto_sel | 0       |
|      first_iter_0_fu_130_p2                                   |     |        | first_iter_0   | seteq     | auto     | 0       |
|      add_ln324_fu_207_p2                                      |     |        | add_ln324      | add       | fabric   | 0       |
|      add_ln321_fu_136_p2                                      |     |        | add_ln321      | add       | fabric   | 0       |
|   + pred_pass_32_s                                            | 0   |        |                |           |          |         |
|    + pred_pass_32_Pipeline_FILTER_PRED_PASS                   | 0   |        |                |           |          |         |
|      or_ln372_fu_115_p2                                       |     |        | or_ln372       | or        | auto     | 0       |
+---------------------------------------------------------------+-----+--------+----------------+-----------+----------+---------+


================================================================
== Storage Report
================================================================
+--------------------------+--------------+--------+------+------+--------+-------------------+------+---------+------------------+
| Name                     | Usage        | Type   | BRAM | URAM | Pragma | Variable          | Impl | Latency | Bitwidth, Depth, |
|                          |              |        |      |      |        |                   |      |         | Banks            |
+--------------------------+--------------+--------+------+------+--------+-------------------+------+---------+------------------+
| + filter_dut             |              |        | 0    | 0    |        |                   |      |         |                  |
|  + dynamicFilter_32_32_s |              |        | 0    | 0    |        |                   |      |         |                  |
|    e_v_strm_U            | fifo channel | stream |      |      |        | e_v_strm          | srl  | 0       | 1, 8, 1          |
|    e_p_strm_U            | fifo channel | stream |      |      |        | e_p_strm          | srl  | 0       | 1, 32, 1         |
|    cmpvc_cfg_strms_0_U   | fifo channel | stream |      |      |        | cmpvc_cfg_strms_0 | srl  | 0       | 72, 2, 1         |
|    cmpvc_cfg_strms_1_U   | fifo channel | stream |      |      |        | cmpvc_cfg_strms_1 | srl  | 0       | 72, 2, 1         |
|    cmpvc_cfg_strms_2_U   | fifo channel | stream |      |      |        | cmpvc_cfg_strms_2 | srl  | 0       | 72, 2, 1         |
|    cmpvc_cfg_strms_3_U   | fifo channel | stream |      |      |        | cmpvc_cfg_strms_3 | srl  | 0       | 72, 2, 1         |
|    cmpvv_cfg_strms_U     | fifo channel | stream |      |      |        | cmpvv_cfg_strms   | srl  | 0       | 4, 2, 1          |
|    cmpvv_cfg_strms_1_U   | fifo channel | stream |      |      |        | cmpvv_cfg_strms_1 | srl  | 0       | 4, 2, 1          |
|    cmpvv_cfg_strms_2_U   | fifo channel | stream |      |      |        | cmpvv_cfg_strms_2 | srl  | 0       | 4, 2, 1          |
|    cmpvv_cfg_strms_3_U   | fifo channel | stream |      |      |        | cmpvv_cfg_strms_3 | srl  | 0       | 4, 2, 1          |
|    cmpvv_cfg_strms_4_U   | fifo channel | stream |      |      |        | cmpvv_cfg_strms_4 | srl  | 0       | 4, 2, 1          |
|    cmpvv_cfg_strms_5_U   | fifo channel | stream |      |      |        | cmpvv_cfg_strms_5 | srl  | 0       | 4, 2, 1          |
|    tt_cfg_strm_U         | fifo channel | stream |      |      |        | tt_cfg_strm       | srl  | 0       | 32, 2, 1         |
|    addr_strm_U           | fifo channel | stream |      |      |        | addr_strm         | srl  | 0       | 10, 8, 1         |
|    e_addr_strm_U         | fifo channel | stream |      |      |        | e_addr_strm       | srl  | 0       | 1, 8, 1          |
|    b_strm_U              | fifo channel | stream |      |      |        | b_strm            | srl  | 0       | 1, 8, 1          |
|    e_b_strm_U            | fifo channel | stream |      |      |        | e_b_strm          | srl  | 0       | 1, 8, 1          |
|   + true_table_4_s       |              |        | 0    | 0    |        |                   |      |         |                  |
|     truetable_U          | ram_1p array |        |      |      |        | truetable         | auto | 1       | 1, 1024, 1       |
+--------------------------+--------------+--------+------+------+--------+-------------------+------+---------+------------------+


================================================================
== Pragma Report
================================================================
* Valid Pragma Syntax
+-----------------+----------------------------------+------------------------------------------------------------------------------------------------------+
| Type            | Options                          | Location                                                                                             |
+-----------------+----------------------------------+------------------------------------------------------------------------------------------------------+
| pipeline        | II = 1                           | ../../APZ-DA/Addon_Queries/SELECT/dynamic_filter/xf_database/dynamic_filter.hpp:251 in compare_ops   |
| pipeline        | II = 1                           | ../../APZ-DA/Addon_Queries/SELECT/dynamic_filter/xf_database/dynamic_filter.hpp:322 in true_table    |
| pipeline        | II = 1                           | ../../APZ-DA/Addon_Queries/SELECT/dynamic_filter/xf_database/dynamic_filter.hpp:335 in true_table    |
| dataflow        |                                  | ../../APZ-DA/Addon_Queries/SELECT/dynamic_filter/xf_database/dynamic_filter.hpp:521 in dynamicfilter |
| array_partition | variable = cmpvc_cfg_strms       | ../../APZ-DA/Addon_Queries/SELECT/dynamic_filter/xf_database/dynamic_filter.hpp:531 in dynamicfilter |
| array_partition | variable = cmpvv_cfg_strms       | ../../APZ-DA/Addon_Queries/SELECT/dynamic_filter/xf_database/dynamic_filter.hpp:532 in dynamicfilter |
| stream          | variable = e_v_strm depth = 8    | ../../APZ-DA/Addon_Queries/SELECT/dynamic_filter/xf_database/dynamic_filter.hpp:544 in dynamicfilter |
| stream          | variable = e_p_strm depth = 32   | ../../APZ-DA/Addon_Queries/SELECT/dynamic_filter/xf_database/dynamic_filter.hpp:545 in dynamicfilter |
| stream          | variable = addr_strm depth = 8   | ../../APZ-DA/Addon_Queries/SELECT/dynamic_filter/xf_database/dynamic_filter.hpp:546 in dynamicfilter |
| stream          | variable = e_addr_strm depth = 8 | ../../APZ-DA/Addon_Queries/SELECT/dynamic_filter/xf_database/dynamic_filter.hpp:547 in dynamicfilter |
| stream          | variable = b_strm depth = 8      | ../../APZ-DA/Addon_Queries/SELECT/dynamic_filter/xf_database/dynamic_filter.hpp:548 in dynamicfilter |
| stream          | variable = e_b_strm depth = 8    | ../../APZ-DA/Addon_Queries/SELECT/dynamic_filter/xf_database/dynamic_filter.hpp:549 in dynamicfilter |
| pipeline        | II = 1                           | ../../APZ-DA/Addon_Queries/SELECT/dynamic_filter/xf_database/dynamic_filter.hpp:601 in filter_3_to_4 |
| dataflow        |                                  | ../../APZ-DA/Addon_Queries/SELECT/dynamic_filter/xf_database/dynamic_filter.hpp:654 in dynamicfilter |
| stream          | variable = va_strm1 depth = 8    | ../../APZ-DA/Addon_Queries/SELECT/dynamic_filter/xf_database/dynamic_filter.hpp:663 in dynamicfilter |
| stream          | variable = vb_strm1 depth = 8    | ../../APZ-DA/Addon_Queries/SELECT/dynamic_filter/xf_database/dynamic_filter.hpp:664 in dynamicfilter |
| stream          | variable = vc_strm1 depth = 8    | ../../APZ-DA/Addon_Queries/SELECT/dynamic_filter/xf_database/dynamic_filter.hpp:665 in dynamicfilter |
| stream          | variable = vd_strm1 depth = 8    | ../../APZ-DA/Addon_Queries/SELECT/dynamic_filter/xf_database/dynamic_filter.hpp:666 in dynamicfilter |
| stream          | variable = pay_strm1 depth = 32  | ../../APZ-DA/Addon_Queries/SELECT/dynamic_filter/xf_database/dynamic_filter.hpp:667 in dynamicfilter |
| stream          | variable = e_strm1 depth = 8     | ../../APZ-DA/Addon_Queries/SELECT/dynamic_filter/xf_database/dynamic_filter.hpp:668 in dynamicfilter |
| pipeline        | II = 1                           | ../../APZ-DA/Addon_Queries/SELECT/dynamic_filter/xf_database/dynamic_filter.hpp:700 in filter_2_to_4 |
| dataflow        |                                  | ../../APZ-DA/Addon_Queries/SELECT/dynamic_filter/xf_database/dynamic_filter.hpp:750 in dynamicfilter |
| stream          | variable = va_strm1 depth = 8    | ../../APZ-DA/Addon_Queries/SELECT/dynamic_filter/xf_database/dynamic_filter.hpp:759 in dynamicfilter |
| stream          | variable = vb_strm1 depth = 8    | ../../APZ-DA/Addon_Queries/SELECT/dynamic_filter/xf_database/dynamic_filter.hpp:760 in dynamicfilter |
| stream          | variable = vc_strm1 depth = 8    | ../../APZ-DA/Addon_Queries/SELECT/dynamic_filter/xf_database/dynamic_filter.hpp:761 in dynamicfilter |
| stream          | variable = vd_strm1 depth = 8    | ../../APZ-DA/Addon_Queries/SELECT/dynamic_filter/xf_database/dynamic_filter.hpp:762 in dynamicfilter |
| stream          | variable = pay_strm1 depth = 8   | ../../APZ-DA/Addon_Queries/SELECT/dynamic_filter/xf_database/dynamic_filter.hpp:763 in dynamicfilter |
| stream          | variable = e_strm1 depth = 8     | ../../APZ-DA/Addon_Queries/SELECT/dynamic_filter/xf_database/dynamic_filter.hpp:764 in dynamicfilter |
| pipeline        | II = 1                           | ../../APZ-DA/Addon_Queries/SELECT/dynamic_filter/xf_database/dynamic_filter.hpp:794 in filter_1_to_4 |
| dataflow        |                                  | ../../APZ-DA/Addon_Queries/SELECT/dynamic_filter/xf_database/dynamic_filter.hpp:841 in dynamicfilter |
| stream          | variable = va_strm1 depth = 8    | ../../APZ-DA/Addon_Queries/SELECT/dynamic_filter/xf_database/dynamic_filter.hpp:850 in dynamicfilter |
| stream          | variable = vb_strm1 depth = 8    | ../../APZ-DA/Addon_Queries/SELECT/dynamic_filter/xf_database/dynamic_filter.hpp:851 in dynamicfilter |
| stream          | variable = vc_strm1 depth = 8    | ../../APZ-DA/Addon_Queries/SELECT/dynamic_filter/xf_database/dynamic_filter.hpp:852 in dynamicfilter |
| stream          | variable = vd_strm1 depth = 8    | ../../APZ-DA/Addon_Queries/SELECT/dynamic_filter/xf_database/dynamic_filter.hpp:853 in dynamicfilter |
| stream          | variable = pay_strm1 depth = 8   | ../../APZ-DA/Addon_Queries/SELECT/dynamic_filter/xf_database/dynamic_filter.hpp:854 in dynamicfilter |
| stream          | variable = e_strm1 depth = 8     | ../../APZ-DA/Addon_Queries/SELECT/dynamic_filter/xf_database/dynamic_filter.hpp:855 in dynamicfilter |
+-----------------+----------------------------------+------------------------------------------------------------------------------------------------------+


